2025-05-01 22:03:24,312 INFO o.a.j.u.JMeterUtils: Setting Locale to en_EN
2025-05-01 22:03:24,323 INFO o.a.j.JMeter: Loading user properties from: /opt/homebrew/Cellar/jmeter/5.6.3/libexec/bin/user.properties
2025-05-01 22:03:24,324 INFO o.a.j.JMeter: Loading system properties from: /opt/homebrew/Cellar/jmeter/5.6.3/libexec/bin/system.properties
2025-05-01 22:03:24,327 INFO o.a.j.JMeter: Copyright (c) 1998-2024 The Apache Software Foundation
2025-05-01 22:03:24,327 INFO o.a.j.JMeter: Version 5.6.3
2025-05-01 22:03:24,327 INFO o.a.j.JMeter: java.version=23.0.2
2025-05-01 22:03:24,327 INFO o.a.j.JMeter: java.vm.name=OpenJDK 64-Bit Server VM
2025-05-01 22:03:24,327 INFO o.a.j.JMeter: os.name=Mac OS X
2025-05-01 22:03:24,327 INFO o.a.j.JMeter: os.arch=aarch64
2025-05-01 22:03:24,327 INFO o.a.j.JMeter: os.version=15.4.1
2025-05-01 22:03:24,327 INFO o.a.j.JMeter: file.encoding=UTF-8
2025-05-01 22:03:24,327 INFO o.a.j.JMeter: java.awt.headless=null
2025-05-01 22:03:24,327 INFO o.a.j.JMeter: Max memory     =1073741824
2025-05-01 22:03:24,327 INFO o.a.j.JMeter: Available Processors =8
2025-05-01 22:03:24,334 INFO o.a.j.JMeter: Default Locale=English (EN)
2025-05-01 22:03:24,334 INFO o.a.j.JMeter: JMeter  Locale=English (EN)
2025-05-01 22:03:24,334 INFO o.a.j.JMeter: JMeterHome=/opt/homebrew/Cellar/jmeter/5.6.3/libexec
2025-05-01 22:03:24,334 INFO o.a.j.JMeter: user.dir  =/Users/aristitosugihharto/aris-git/Dev_Local/JALIN/API-DEMO-POC/04-poc-springboot-confluent
2025-05-01 22:03:24,334 INFO o.a.j.JMeter: PWD       =/Users/aristitosugihharto/aris-git/Dev_Local/JALIN/API-DEMO-POC/04-poc-springboot-confluent
2025-05-01 22:03:24,336 INFO o.a.j.JMeter: IP: 127.0.0.1 Name: Aris-Titos-MacBook-Pro.local FullName: localhost
2025-05-01 22:03:24,341 INFO o.a.j.JMeter: Loaded icon properties from org/apache/jmeter/images/icon.properties
2025-05-01 22:03:25,156 INFO o.a.j.JMeterGuiLauncher: Setting LAF to: com.github.weisj.darklaf.DarkLaf:com.github.weisj.darklaf.theme.DarculaTheme
2025-05-01 22:03:26,596 INFO o.a.j.r.ClassFinder: Will scan jar /opt/homebrew/Cellar/jmeter/5.6.3/libexec/lib/ext/jmeter-plugins-manager-1.9.jar with filter ExtendsClassFilter [parents=[interface org.apache.jmeter.gui.action.Command], inner=false, contains=null, notContains=null]. Consider exposing JMeter plugins via META-INF/services, and add JMeter-Skip-Class-Scanning=true manifest attribute so JMeter can skip classfile scanning
2025-05-01 22:03:26,702 INFO o.a.j.r.ClassFinder: Will scan jar /opt/homebrew/Cellar/jmeter/5.6.3/libexec/lib/ext/jmeter-plugins-manager-1.9.jar with filter ExtendsClassFilter [parents=[interface org.apache.jmeter.gui.plugin.MenuCreator], inner=false, contains=null, notContains=null]. Consider exposing JMeter plugins via META-INF/services, and add JMeter-Skip-Class-Scanning=true manifest attribute so JMeter can skip classfile scanning
2025-05-01 22:03:26,751 INFO o.j.r.JARSourceHTTP: Requesting https://jmeter-plugins.org/repo/?installID=mac_os_x-0b4310ad1be26239012bab3366325d88-gui
2025-05-01 22:03:29,419 INFO o.j.r.PluginManager: Plugins Status: [jpgc-plugins-manager=1.9, jmeter-core=5.6.3, jmeter-ftp=5.6.3, jmeter-http=5.6.3, jmeter-jdbc=5.6.3, jmeter-jms=5.6.3, jmeter-junit=5.6.3, jmeter-java=5.6.3, jmeter-ldap=5.6.3, jmeter-mail=5.6.3, jmeter-mongodb=5.6.3, jmeter-native=5.6.3, jmeter-tcp=5.6.3, jmeter-components=5.6.3]
2025-05-01 22:03:29,420 INFO o.j.r.PluginManagerMenuItem: Plugins Manager has upgrades: [jpgc-plugins-manager]
2025-05-01 22:03:33,264 INFO o.a.j.s.FileServer: Default base='/Users/aristitosugihharto/aris-git/Dev_Local/JALIN/API-DEMO-POC/04-poc-springboot-confluent'
2025-05-01 22:03:33,267 INFO o.a.j.g.a.Load: Loading file: /Users/aristitosugihharto/aris-git/Dev_Local/JALIN/API-DEMO-POC/04-poc-springboot-confluent/jmeter-odc/load_write.jmx
2025-05-01 22:03:33,267 INFO o.a.j.s.FileServer: Set new base='/Users/aristitosugihharto/aris-git/Dev_Local/JALIN/API-DEMO-POC/04-poc-springboot-confluent/jmeter-odc'
2025-05-01 22:03:33,366 INFO o.a.j.s.SaveService: Testplan (JMX) version: 2.2. Testlog (JTL) version: 2.2
2025-05-01 22:03:33,369 INFO o.a.j.s.SaveService: Using SaveService properties version 5.0
2025-05-01 22:03:33,370 INFO o.a.j.s.SaveService: Using SaveService properties file encoding UTF-8
2025-05-01 22:03:33,370 INFO o.a.j.s.SaveService: Loading file: /Users/aristitosugihharto/aris-git/Dev_Local/JALIN/API-DEMO-POC/04-poc-springboot-confluent/jmeter-odc/load_write.jmx
2025-05-01 22:03:33,405 INFO o.a.j.p.h.s.HTTPSamplerBase: Parser for text/html is org.apache.jmeter.protocol.http.parser.LagartoBasedHtmlParser
2025-05-01 22:03:33,405 INFO o.a.j.p.h.s.HTTPSamplerBase: Parser for application/xhtml+xml is org.apache.jmeter.protocol.http.parser.LagartoBasedHtmlParser
2025-05-01 22:03:33,405 INFO o.a.j.p.h.s.HTTPSamplerBase: Parser for application/xml is org.apache.jmeter.protocol.http.parser.LagartoBasedHtmlParser
2025-05-01 22:03:33,405 INFO o.a.j.p.h.s.HTTPSamplerBase: Parser for text/xml is org.apache.jmeter.protocol.http.parser.LagartoBasedHtmlParser
2025-05-01 22:03:33,406 INFO o.a.j.p.h.s.HTTPSamplerBase: Parser for text/vnd.wap.wml is org.apache.jmeter.protocol.http.parser.RegexpHTMLParser
2025-05-01 22:03:33,406 INFO o.a.j.p.h.s.HTTPSamplerBase: Parser for text/css is org.apache.jmeter.protocol.http.parser.CssParser
2025-05-01 22:03:33,480 INFO o.a.j.s.SampleResult: Note: Sample TimeStamps are START times
2025-05-01 22:03:33,480 INFO o.a.j.s.SampleResult: sampleresult.default.encoding is set to UTF-8
2025-05-01 22:03:33,480 INFO o.a.j.s.SampleResult: sampleresult.useNanoTime=true
2025-05-01 22:03:33,480 INFO o.a.j.s.SampleResult: sampleresult.nanoThreadSleep=5000
2025-05-01 22:03:33,524 INFO o.a.j.r.ClassFinder: Will scan jar /opt/homebrew/Cellar/jmeter/5.6.3/libexec/lib/ext/jmeter-plugins-manager-1.9.jar with filter ExtendsClassFilter [parents=[interface org.apache.jmeter.visualizers.ResultRenderer], inner=false, contains=null, notContains=null]. Consider exposing JMeter plugins via META-INF/services, and add JMeter-Skip-Class-Scanning=true manifest attribute so JMeter can skip classfile scanning
2025-05-01 22:03:33,531 INFO o.a.j.r.ClassFinder: Will scan jar /opt/homebrew/Cellar/jmeter/5.6.3/libexec/lib/ext/jmeter-plugins-manager-1.9.jar with filter ExtendsClassFilter [parents=[interface org.apache.jmeter.visualizers.RequestView], inner=false, contains=null, notContains=null]. Consider exposing JMeter plugins via META-INF/services, and add JMeter-Skip-Class-Scanning=true manifest attribute so JMeter can skip classfile scanning
2025-05-01 22:03:33,559 INFO o.a.j.s.FileServer: Set new base='/Users/aristitosugihharto/aris-git/Dev_Local/JALIN/API-DEMO-POC/04-poc-springboot-confluent/jmeter-odc'
2025-05-01 22:03:54,738 INFO o.a.j.s.FileServer: Set new base='/Users/aristitosugihharto/aris-git/Dev_Local/JALIN/API-DEMO-POC/04-poc-springboot-confluent/jmeter-odc'
2025-05-01 22:14:37,061 INFO o.a.j.e.StandardJMeterEngine: Running the test!
2025-05-01 22:14:37,064 INFO o.a.j.s.SampleEvent: List of sample_variables: []
2025-05-01 22:14:37,064 INFO o.a.j.s.SampleEvent: List of sample_variables: []
2025-05-01 22:14:37,065 INFO o.a.j.e.u.CompoundVariable: Note: Function class names must contain the string: '.functions.'
2025-05-01 22:14:37,065 INFO o.a.j.e.u.CompoundVariable: Note: Function class names must not contain the string: '.gui.'
2025-05-01 22:14:37,113 INFO o.a.j.r.ClassFinder: Will scan jar /opt/homebrew/Cellar/jmeter/5.6.3/libexec/lib/ext/jmeter-plugins-manager-1.9.jar with filter ExtendsClassFilter [parents=[interface org.apache.jmeter.functions.Function], inner=false, contains=null, notContains=null]. Consider exposing JMeter plugins via META-INF/services, and add JMeter-Skip-Class-Scanning=true manifest attribute so JMeter can skip classfile scanning
2025-05-01 22:14:37,121 INFO o.a.j.g.u.JMeterMenuBar: setRunning(true, *local*)
2025-05-01 22:14:37,165 INFO o.a.j.e.StandardJMeterEngine: Starting ThreadGroup: 1 : Local
2025-05-01 22:14:37,166 INFO o.a.j.e.StandardJMeterEngine: Starting 1 threads for group Local.
2025-05-01 22:14:37,166 INFO o.a.j.e.StandardJMeterEngine: Thread will continue on error
2025-05-01 22:14:37,166 INFO o.a.j.t.ThreadGroup: Starting thread group... number=1 threads=1 ramp-up=0 delayedStart=false
2025-05-01 22:14:37,168 INFO o.a.j.t.ThreadGroup: Started thread group number 1
2025-05-01 22:14:37,168 INFO o.a.j.e.StandardJMeterEngine: All thread groups have been started
2025-05-01 22:14:37,169 INFO o.a.j.t.JMeterThread: Thread started: Local 1-1
2025-05-01 22:14:37,173 INFO o.a.j.p.h.s.HTTPJavaImpl: Maximum connection retries = 0
2025-05-01 22:14:37,180 INFO o.a.j.t.JMeterThread: Thread is done: Local 1-1
2025-05-01 22:14:37,180 INFO o.a.j.t.JMeterThread: Thread finished: Local 1-1
2025-05-01 22:14:37,180 INFO o.a.j.e.StandardJMeterEngine: Notifying test listeners of end of test
2025-05-01 22:14:37,181 INFO o.a.j.g.u.JMeterMenuBar: setRunning(false, *local*)
